App.tsx(95,13): error TS2322: Type '{ children: Element; initial: { opacity: number; }; animate: { opacity: number; }; transition: { duration: number; }; className: string; }' is not assignable to type 'IntrinsicAttributes & HTMLAttributesWithoutMotionProps<unknown, unknown> & MotionProps & RefAttributes<unknown>'.
  Property 'className' does not exist on type 'IntrinsicAttributes & HTMLAttributesWithoutMotionProps<unknown, unknown> & MotionProps & RefAttributes<unknown>'.
App.tsx(112,17): error TS2322: Type '{ children: Element; key: string; initial: { opacity: number; y: number; filter: string; }; animate: { opacity: number; y: number; filter: string; }; exit: { opacity: number; y: number; filter: string; }; transition: { ...; }; className: string; }' is not assignable to type 'IntrinsicAttributes & HTMLAttributesWithoutMotionProps<unknown, unknown> & MotionProps & RefAttributes<unknown>'.
  Property 'className' does not exist on type 'IntrinsicAttributes & HTMLAttributesWithoutMotionProps<unknown, unknown> & MotionProps & RefAttributes<unknown>'.
components/About.tsx(14,5): error TS2322: Type '{ initial: { scaleX: number; }; whileInView: { scaleX: number; }; viewport: { once: true; }; transition: { duration: number; delay: number; ease: [number, number, number, number]; }; className: string; }' is not assignable to type 'IntrinsicAttributes & HTMLAttributesWithoutMotionProps<unknown, unknown> & MotionProps & RefAttributes<unknown>'.
  Property 'className' does not exist on type 'IntrinsicAttributes & HTMLAttributesWithoutMotionProps<unknown, unknown> & MotionProps & RefAttributes<unknown>'.
components/About.tsx(41,13): error TS2322: Type '{ children: string[]; initial: { y: string; }; animate: { y: number; } | {}; transition: { duration: number; delay: number; ease: [number, number, number, number]; }; className: string; }' is not assignable to type 'IntrinsicAttributes & HTMLAttributesWithoutMotionProps<unknown, unknown> & MotionProps & RefAttributes<unknown>'.
  Property 'className' does not exist on type 'IntrinsicAttributes & HTMLAttributesWithoutMotionProps<unknown, unknown> & MotionProps & RefAttributes<unknown>'.
components/About.tsx(87,9): error TS2322: Type '{ children: string; style: { y: MotionValue<number>; }; className: string; }' is not assignable to type 'IntrinsicAttributes & HTMLAttributesWithoutMotionProps<unknown, unknown> & MotionProps & RefAttributes<unknown>'.
  Property 'className' does not exist on type 'IntrinsicAttributes & HTMLAttributesWithoutMotionProps<unknown, unknown> & MotionProps & RefAttributes<unknown>'.
components/About.tsx(93,9): error TS2322: Type '{ children: string; style: { y: MotionValue<number>; rotate: MotionValue<number>; }; className: string; }' is not assignable to type 'IntrinsicAttributes & HTMLAttributesWithoutMotionProps<unknown, unknown> & MotionProps & RefAttributes<unknown>'.
  Property 'className' does not exist on type 'IntrinsicAttributes & HTMLAttributesWithoutMotionProps<unknown, unknown> & MotionProps & RefAttributes<unknown>'.
components/About.tsx(108,15): error TS2322: Type '{ children: Element; initial: { opacity: number; x: number; }; whileInView: { opacity: number; x: number; }; viewport: { once: true; }; transition: { duration: number; }; className: string; }' is not assignable to type 'IntrinsicAttributes & HTMLAttributesWithoutMotionProps<unknown, unknown> & MotionProps & RefAttributes<unknown>'.
  Property 'className' does not exist on type 'IntrinsicAttributes & HTMLAttributesWithoutMotionProps<unknown, unknown> & MotionProps & RefAttributes<unknown>'.
components/About.tsx(136,23): error TS2322: Type '{ children: Element; initial: { y: string; }; whileInView: { y: number; }; viewport: { once: true; }; transition: { duration: number; ease: [number, number, number, number]; }; className: string; }' is not assignable to type 'IntrinsicAttributes & HTMLAttributesWithoutMotionProps<unknown, unknown> & MotionProps & RefAttributes<unknown>'.
  Property 'className' does not exist on type 'IntrinsicAttributes & HTMLAttributesWithoutMotionProps<unknown, unknown> & MotionProps & RefAttributes<unknown>'.
components/About.tsx(147,23): error TS2322: Type '{ children: string; initial: { y: string; }; whileInView: { y: number; }; viewport: { once: true; }; transition: { duration: number; delay: number; ease: [number, number, number, number]; }; className: string; }' is not assignable to type 'IntrinsicAttributes & HTMLAttributesWithoutMotionProps<unknown, unknown> & MotionProps & RefAttributes<unknown>'.
  Property 'className' does not exist on type 'IntrinsicAttributes & HTMLAttributesWithoutMotionProps<unknown, unknown> & MotionProps & RefAttributes<unknown>'.
components/About.tsx(158,23): error TS2322: Type '{ children: string; initial: { y: string; }; whileInView: { y: number; }; viewport: { once: true; }; transition: { duration: number; delay: number; ease: [number, number, number, number]; }; className: string; }' is not assignable to type 'IntrinsicAttributes & HTMLAttributesWithoutMotionProps<unknown, unknown> & MotionProps & RefAttributes<unknown>'.
  Property 'className' does not exist on type 'IntrinsicAttributes & HTMLAttributesWithoutMotionProps<unknown, unknown> & MotionProps & RefAttributes<unknown>'.
components/About.tsx(172,17): error TS2322: Type '{ children: Element[]; initial: { opacity: number; }; whileInView: { opacity: number; }; viewport: { once: true; }; transition: { duration: number; delay: number; }; className: string; }' is not assignable to type 'IntrinsicAttributes & HTMLAttributesWithoutMotionProps<unknown, unknown> & MotionProps & RefAttributes<unknown>'.
  Property 'className' does not exist on type 'IntrinsicAttributes & HTMLAttributesWithoutMotionProps<unknown, unknown> & MotionProps & RefAttributes<unknown>'.
components/About.tsx(193,15): error TS2322: Type '{ children: Element; style: { y: MotionValue<number>; }; className: string; }' is not assignable to type 'IntrinsicAttributes & HTMLAttributesWithoutMotionProps<unknown, unknown> & MotionProps & RefAttributes<unknown>'.
  Property 'className' does not exist on type 'IntrinsicAttributes & HTMLAttributesWithoutMotionProps<unknown, unknown> & MotionProps & RefAttributes<unknown>'.
components/About.tsx(200,17): error TS2322: Type '{ children: Element; initial: { opacity: number; scale: number; rotate: number; }; whileInView: { opacity: number; scale: number; rotate: number; }; viewport: { once: true; }; transition: { duration: number; delay: number; }; className: string; }' is not assignable to type 'IntrinsicAttributes & HTMLAttributesWithoutMotionProps<unknown, unknown> & MotionProps & RefAttributes<unknown>'.
  Property 'className' does not exist on type 'IntrinsicAttributes & HTMLAttributesWithoutMotionProps<unknown, unknown> & MotionProps & RefAttributes<unknown>'.
components/About.tsx(207,21): error TS2322: Type '{ animate: { rotate: number; }; transition: { duration: number; repeat: number; ease: "linear"; }; className: string; }' is not assignable to type 'IntrinsicAttributes & HTMLAttributesWithoutMotionProps<unknown, unknown> & MotionProps & RefAttributes<unknown>'.
  Property 'className' does not exist on type 'IntrinsicAttributes & HTMLAttributesWithoutMotionProps<unknown, unknown> & MotionProps & RefAttributes<unknown>'.
components/About.tsx(212,21): error TS2322: Type '{ animate: { rotate: number; }; transition: { duration: number; repeat: number; ease: "linear"; }; className: string; }' is not assignable to type 'IntrinsicAttributes & HTMLAttributesWithoutMotionProps<unknown, unknown> & MotionProps & RefAttributes<unknown>'.
  Property 'className' does not exist on type 'IntrinsicAttributes & HTMLAttributesWithoutMotionProps<unknown, unknown> & MotionProps & RefAttributes<unknown>'.
components/About.tsx(235,15): error TS2322: Type '{ children: Element[]; initial: { opacity: number; y: number; }; whileInView: { opacity: number; y: number; }; viewport: { once: true; }; transition: { duration: number; }; className: string; "data-cursor": string; }' is not assignable to type 'IntrinsicAttributes & HTMLAttributesWithoutMotionProps<unknown, unknown> & MotionProps & RefAttributes<unknown>'.
  Property 'className' does not exist on type 'IntrinsicAttributes & HTMLAttributesWithoutMotionProps<unknown, unknown> & MotionProps & RefAttributes<unknown>'.
components/About.tsx(288,15): error TS2322: Type '{ children: Element[]; initial: { opacity: number; y: number; }; whileInView: { opacity: number; y: number; }; viewport: { once: true; }; transition: { duration: number; delay: number; }; className: string; "data-cursor": string; }' is not assignable to type 'IntrinsicAttributes & HTMLAttributesWithoutMotionProps<unknown, unknown> & MotionProps & RefAttributes<unknown>'.
  Property 'className' does not exist on type 'IntrinsicAttributes & HTMLAttributesWithoutMotionProps<unknown, unknown> & MotionProps & RefAttributes<unknown>'.
components/About.tsx(342,13): error TS2322: Type '{ children: Element[]; initial: { opacity: number; y: number; }; whileInView: { opacity: number; y: number; }; viewport: { once: true; }; transition: { duration: number; delay: number; }; className: string; }' is not assignable to type 'IntrinsicAttributes & HTMLAttributesWithoutMotionProps<unknown, unknown> & MotionProps & RefAttributes<unknown>'.
  Property 'className' does not exist on type 'IntrinsicAttributes & HTMLAttributesWithoutMotionProps<unknown, unknown> & MotionProps & RefAttributes<unknown>'.
components/Countdown.tsx(66,17): error TS2322: Type '{ children: string | number; key: number; initial: { y: number; opacity: number; filter: string; }; animate: { y: number; opacity: number; filter: string; }; exit: { y: number; opacity: number; filter: string; }; transition: { ...; }; className: string; }' is not assignable to type 'IntrinsicAttributes & HTMLAttributesWithoutMotionProps<unknown, unknown> & MotionProps & RefAttributes<unknown>'.
  Property 'className' does not exist on type 'IntrinsicAttributes & HTMLAttributesWithoutMotionProps<unknown, unknown> & MotionProps & RefAttributes<unknown>'.
components/FAQ.tsx(47,9): error TS2322: Type '{ style: { y: MotionValue<number>; rotate: MotionValue<number>; }; className: string; }' is not assignable to type 'IntrinsicAttributes & HTMLAttributesWithoutMotionProps<unknown, unknown> & MotionProps & RefAttributes<unknown>'.
  Property 'className' does not exist on type 'IntrinsicAttributes & HTMLAttributesWithoutMotionProps<unknown, unknown> & MotionProps & RefAttributes<unknown>'.
components/FAQ.tsx(51,9): error TS2322: Type '{ style: { y: MotionValue<number>; }; className: string; }' is not assignable to type 'IntrinsicAttributes & HTMLAttributesWithoutMotionProps<unknown, unknown> & MotionProps & RefAttributes<unknown>'.
  Property 'className' does not exist on type 'IntrinsicAttributes & HTMLAttributesWithoutMotionProps<unknown, unknown> & MotionProps & RefAttributes<unknown>'.
components/FAQ.tsx(57,9): error TS2322: Type '{ children: string; style: { y: MotionValue<number>; }; className: string; }' is not assignable to type 'IntrinsicAttributes & HTMLAttributesWithoutMotionProps<unknown, unknown> & MotionProps & RefAttributes<unknown>'.
  Property 'className' does not exist on type 'IntrinsicAttributes & HTMLAttributesWithoutMotionProps<unknown, unknown> & MotionProps & RefAttributes<unknown>'.
components/FAQ.tsx(73,11): error TS2322: Type '{ children: Element; initial: { opacity: number; y: number; }; whileInView: { opacity: number; y: number; }; viewport: { once: true; }; transition: { duration: number; ease: [number, number, number, number]; }; className: string; }' is not assignable to type 'IntrinsicAttributes & HTMLAttributesWithoutMotionProps<unknown, unknown> & MotionProps & RefAttributes<unknown>'.
  Property 'className' does not exist on type 'IntrinsicAttributes & HTMLAttributesWithoutMotionProps<unknown, unknown> & MotionProps & RefAttributes<unknown>'.
components/FAQ.tsx(95,15): error TS2322: Type '{ children: Element[]; initial: { opacity: number; scale: number; }; whileInView: { opacity: number; scale: number; }; viewport: { once: true; }; transition: { delay: number; }; className: string; }' is not assignable to type 'IntrinsicAttributes & HTMLAttributesWithoutMotionProps<unknown, unknown> & MotionProps & RefAttributes<unknown>'.
  Property 'className' does not exist on type 'IntrinsicAttributes & HTMLAttributesWithoutMotionProps<unknown, unknown> & MotionProps & RefAttributes<unknown>'.
components/FAQ.tsx(123,17): error TS2322: Type '{ children: Element[]; key: number; initial: { opacity: number; y: number; }; whileInView: { opacity: number; y: number; }; viewport: { once: true; }; transition: { delay: number; duration: number; ease: [...]; }; onMouseEnter: () => void; onMouseLeave: () => void; className: string; "data-cursor": string; }' is not assignable to type 'IntrinsicAttributes & HTMLAttributesWithoutMotionProps<unknown, unknown> & MotionProps & RefAttributes<unknown>'.
  Property 'onMouseEnter' does not exist on type 'IntrinsicAttributes & HTMLAttributesWithoutMotionProps<unknown, unknown> & MotionProps & RefAttributes<unknown>'.
components/FAQ.tsx(138,19): error TS2322: Type '{ className: string; }' is not assignable to type 'IntrinsicAttributes & HTMLAttributesWithoutMotionProps<unknown, unknown> & MotionProps & RefAttributes<unknown>'.
  Property 'className' does not exist on type 'IntrinsicAttributes & HTMLAttributesWithoutMotionProps<unknown, unknown> & MotionProps & RefAttributes<unknown>'.
components/FAQ.tsx(180,23): error TS2322: Type '{ children: Element; animate: { rotate: number; scale: number; }; transition: { duration: number; ease: [number, number, number, number]; }; className: string; }' is not assignable to type 'IntrinsicAttributes & HTMLAttributesWithoutMotionProps<unknown, unknown> & MotionProps & RefAttributes<unknown>'.
  Property 'className' does not exist on type 'IntrinsicAttributes & HTMLAttributesWithoutMotionProps<unknown, unknown> & MotionProps & RefAttributes<unknown>'.
components/FAQ.tsx(200,25): error TS2322: Type '{ children: Element; initial: { height: number; opacity: number; }; animate: { height: string; opacity: number; }; exit: { height: number; opacity: number; }; transition: { duration: number; ease: [...]; }; className: string; }' is not assignable to type 'IntrinsicAttributes & HTMLAttributesWithoutMotionProps<unknown, unknown> & MotionProps & RefAttributes<unknown>'.
  Property 'className' does not exist on type 'IntrinsicAttributes & HTMLAttributesWithoutMotionProps<unknown, unknown> & MotionProps & RefAttributes<unknown>'.
components/FAQ.tsx(222,11): error TS2322: Type '{ children: Element; initial: { opacity: number; y: number; }; whileInView: { opacity: number; y: number; }; viewport: { once: true; }; transition: { delay: number; duration: number; }; className: string; }' is not assignable to type 'IntrinsicAttributes & HTMLAttributesWithoutMotionProps<unknown, unknown> & MotionProps & RefAttributes<unknown>'.
  Property 'className' does not exist on type 'IntrinsicAttributes & HTMLAttributesWithoutMotionProps<unknown, unknown> & MotionProps & RefAttributes<unknown>'.
components/Footer.tsx(66,9): error TS2322: Type '{ children: Element; style: { x: MotionValue<string>; }; className: string; }' is not assignable to type 'IntrinsicAttributes & HTMLAttributesWithoutMotionProps<unknown, unknown> & MotionProps & RefAttributes<unknown>'.
  Property 'className' does not exist on type 'IntrinsicAttributes & HTMLAttributesWithoutMotionProps<unknown, unknown> & MotionProps & RefAttributes<unknown>'.
components/Footer.tsx(78,11): error TS2322: Type '{ children: Element[]; animate: { x: [number, number]; }; transition: { duration: number; repeat: number; ease: "linear"; }; className: string; }' is not assignable to type 'IntrinsicAttributes & HTMLAttributesWithoutMotionProps<unknown, unknown> & MotionProps & RefAttributes<unknown>'.
  Property 'className' does not exist on type 'IntrinsicAttributes & HTMLAttributesWithoutMotionProps<unknown, unknown> & MotionProps & RefAttributes<unknown>'.
components/Footer.tsx(96,9): error TS2322: Type '{ children: Element[]; style: { y: MotionValue<number>; opacity: MotionValue<number>; }; className: string; }' is not assignable to type 'IntrinsicAttributes & HTMLAttributesWithoutMotionProps<unknown, unknown> & MotionProps & RefAttributes<unknown>'.
  Property 'className' does not exist on type 'IntrinsicAttributes & HTMLAttributesWithoutMotionProps<unknown, unknown> & MotionProps & RefAttributes<unknown>'.
components/Footer.tsx(105,15): error TS2322: Type '{ children: Element; initial: { opacity: number; y: number; }; whileInView: { opacity: number; y: number; }; viewport: { once: true; }; className: string; }' is not assignable to type 'IntrinsicAttributes & HTMLAttributesWithoutMotionProps<unknown, unknown> & MotionProps & RefAttributes<unknown>'.
  Property 'className' does not exist on type 'IntrinsicAttributes & HTMLAttributesWithoutMotionProps<unknown, unknown> & MotionProps & RefAttributes<unknown>'.
components/Footer.tsx(115,15): error TS2322: Type '{ children: (string | Element)[]; initial: { opacity: number; y: number; }; whileInView: { opacity: number; y: number; }; viewport: { once: true; }; transition: { delay: number; }; className: string; }' is not assignable to type 'IntrinsicAttributes & HTMLAttributesWithoutMotionProps<unknown, unknown> & MotionProps & RefAttributes<unknown>'.
  Property 'className' does not exist on type 'IntrinsicAttributes & HTMLAttributesWithoutMotionProps<unknown, unknown> & MotionProps & RefAttributes<unknown>'.
components/Hero.tsx(42,9): error TS2322: Type '{ style: { y: MotionValue<number>; }; className: string; }' is not assignable to type 'IntrinsicAttributes & HTMLAttributesWithoutMotionProps<unknown, unknown> & MotionProps & RefAttributes<unknown>'.
  Property 'className' does not exist on type 'IntrinsicAttributes & HTMLAttributesWithoutMotionProps<unknown, unknown> & MotionProps & RefAttributes<unknown>'.
components/Hero.tsx(47,9): error TS2322: Type '{ style: { y: MotionValue<number>; }; className: string; }' is not assignable to type 'IntrinsicAttributes & HTMLAttributesWithoutMotionProps<unknown, unknown> & MotionProps & RefAttributes<unknown>'.
  Property 'className' does not exist on type 'IntrinsicAttributes & HTMLAttributesWithoutMotionProps<unknown, unknown> & MotionProps & RefAttributes<unknown>'.
components/Hero.tsx(53,9): error TS2322: Type '{ style: { y: MotionValue<number>; opacity: MotionValue<number>; }; className: string; }' is not assignable to type 'IntrinsicAttributes & HTMLAttributesWithoutMotionProps<unknown, unknown> & MotionProps & RefAttributes<unknown>'.
  Property 'className' does not exist on type 'IntrinsicAttributes & HTMLAttributesWithoutMotionProps<unknown, unknown> & MotionProps & RefAttributes<unknown>'.
components/Hero.tsx(59,9): error TS2322: Type '{ children: Element[]; style: { y: MotionValue<number>; }; className: string; }' is not assignable to type 'IntrinsicAttributes & HTMLAttributesWithoutMotionProps<unknown, unknown> & MotionProps & RefAttributes<unknown>'.
  Property 'className' does not exist on type 'IntrinsicAttributes & HTMLAttributesWithoutMotionProps<unknown, unknown> & MotionProps & RefAttributes<unknown>'.
components/Hero.tsx(66,11): error TS2322: Type '{ children: Element; initial: { opacity: number; y: number; }; animate: { opacity: number; y: number; }; transition: { duration: number; ease: readonly [0.22, 1, 0.36, 1]; }; className: string; }' is not assignable to type 'IntrinsicAttributes & HTMLAttributesWithoutMotionProps<unknown, unknown> & MotionProps & RefAttributes<unknown>'.
  Property 'className' does not exist on type 'IntrinsicAttributes & HTMLAttributesWithoutMotionProps<unknown, unknown> & MotionProps & RefAttributes<unknown>'.
components/Hero.tsx(83,11): error TS2322: Type '{ children: Element; initial: { opacity: number; y: number; }; animate: { opacity: number; y: number; }; transition: { duration: number; delay: number; ease: readonly [0.22, 1, 0.36, 1]; }; className: string; }' is not assignable to type 'IntrinsicAttributes & HTMLAttributesWithoutMotionProps<unknown, unknown> & MotionProps & RefAttributes<unknown>'.
  Property 'className' does not exist on type 'IntrinsicAttributes & HTMLAttributesWithoutMotionProps<unknown, unknown> & MotionProps & RefAttributes<unknown>'.
components/Hero.tsx(98,11): error TS2322: Type '{ children: Element[]; initial: { opacity: number; }; animate: { opacity: number; }; transition: { duration: number; delay: number; ease: readonly [0.22, 1, 0.36, 1]; }; className: string; }' is not assignable to type 'IntrinsicAttributes & HTMLAttributesWithoutMotionProps<unknown, unknown> & MotionProps & RefAttributes<unknown>'.
  Property 'className' does not exist on type 'IntrinsicAttributes & HTMLAttributesWithoutMotionProps<unknown, unknown> & MotionProps & RefAttributes<unknown>'.
components/Hero.tsx(132,11): error TS2322: Type '{ children: Element[]; initial: { opacity: number; y: number; }; animate: { opacity: number; y: number; }; transition: { duration: number; delay: number; ease: readonly [0.22, 1, 0.36, 1]; }; className: string; }' is not assignable to type 'IntrinsicAttributes & HTMLAttributesWithoutMotionProps<unknown, unknown> & MotionProps & RefAttributes<unknown>'.
  Property 'className' does not exist on type 'IntrinsicAttributes & HTMLAttributesWithoutMotionProps<unknown, unknown> & MotionProps & RefAttributes<unknown>'.
components/Hero.tsx(164,11): error TS2322: Type '{ children: Element; initial: { opacity: number; y: number; }; animate: { opacity: number; y: number; }; transition: { duration: number; delay: number; ease: readonly [0.22, 1, 0.36, 1]; }; className: string; }' is not assignable to type 'IntrinsicAttributes & HTMLAttributesWithoutMotionProps<unknown, unknown> & MotionProps & RefAttributes<unknown>'.
  Property 'className' does not exist on type 'IntrinsicAttributes & HTMLAttributesWithoutMotionProps<unknown, unknown> & MotionProps & RefAttributes<unknown>'.
components/Hero.tsx(168,13): error TS2322: Type '{ children: string; icon: Element; className: string; onClick: () => void; }' is not assignable to type 'IntrinsicAttributes & ButtonProps'.
  Property 'className' does not exist on type 'IntrinsicAttributes & ButtonProps'.
components/Hero.tsx(181,9): error TS2322: Type '{ children: Element; style: { opacity: MotionValue<number>; }; animate: { y: [number, number, number]; }; transition: { duration: number; repeat: number; ease: "easeInOut"; }; className: string; }' is not assignable to type 'IntrinsicAttributes & HTMLAttributesWithoutMotionProps<unknown, unknown> & MotionProps & RefAttributes<unknown>'.
  Property 'className' does not exist on type 'IntrinsicAttributes & HTMLAttributesWithoutMotionProps<unknown, unknown> & MotionProps & RefAttributes<unknown>'.
components/Home.tsx(34,45): error TS2322: Type '{ children: Element[]; style: { backgroundColor: MotionValue<string>; }; className: string; }' is not assignable to type 'IntrinsicAttributes & HTMLAttributesWithoutMotionProps<unknown, unknown> & MotionProps & RefAttributes<unknown>'.
  Property 'className' does not exist on type 'IntrinsicAttributes & HTMLAttributesWithoutMotionProps<unknown, unknown> & MotionProps & RefAttributes<unknown>'.
components/Loader.tsx(39,7): error TS2322: Type '{ children: Element[]; className: string; initial: { y: number; }; exit: { y: string; transition: { duration: number; ease: [number, number, number, number]; }; }; }' is not assignable to type 'IntrinsicAttributes & HTMLAttributesWithoutMotionProps<unknown, unknown> & MotionProps & RefAttributes<unknown>'.
  Property 'className' does not exist on type 'IntrinsicAttributes & HTMLAttributesWithoutMotionProps<unknown, unknown> & MotionProps & RefAttributes<unknown>'.
components/Loader.tsx(71,25): error TS2322: Type '{ className: string; initial: { width: number; }; animate: { width: string; }; transition: { duration: number; ease: [number, number, number, number]; }; }' is not assignable to type 'IntrinsicAttributes & HTMLAttributesWithoutMotionProps<unknown, unknown> & MotionProps & RefAttributes<unknown>'.
  Property 'className' does not exist on type 'IntrinsicAttributes & HTMLAttributesWithoutMotionProps<unknown, unknown> & MotionProps & RefAttributes<unknown>'.
components/Navbar.tsx(76,9): error TS2322: Type '{ children: Element; initial: { y: number; }; animate: { y: number; }; transition: { duration: number; ease: [number, number, number, number]; }; className: string; }' is not assignable to type 'IntrinsicAttributes & HTMLAttributesWithoutMotionProps<unknown, unknown> & MotionProps & RefAttributes<unknown>'.
  Property 'className' does not exist on type 'IntrinsicAttributes & HTMLAttributesWithoutMotionProps<unknown, unknown> & MotionProps & RefAttributes<unknown>'.
components/Navbar.tsx(98,19): error TS2322: Type '{ children: string; onClick: () => void; "data-cursor": string; whileHover: { scale: number; }; whileTap: { scale: number; }; transition: { duration: number; ease: "easeOut"; }; className: string; }' is not assignable to type 'IntrinsicAttributes & HTMLAttributesWithoutMotionProps<unknown, unknown> & MotionProps & RefAttributes<unknown>'.
  Property 'onClick' does not exist on type 'IntrinsicAttributes & HTMLAttributesWithoutMotionProps<unknown, unknown> & MotionProps & RefAttributes<unknown>'.
components/Navbar.tsx(130,13): error TS2322: Type '{ children: Element[]; initial: { opacity: number; x: string; }; animate: { opacity: number; x: number; }; exit: { opacity: number; x: string; }; transition: { duration: number; ease: [number, number, number, number]; }; className: string; }' is not assignable to type 'IntrinsicAttributes & HTMLAttributesWithoutMotionProps<unknown, unknown> & MotionProps & RefAttributes<unknown>'.
  Property 'className' does not exist on type 'IntrinsicAttributes & HTMLAttributesWithoutMotionProps<unknown, unknown> & MotionProps & RefAttributes<unknown>'.
components/Navbar.tsx(144,19): error TS2322: Type '{ children: string; key: string; href: string; onClick: (e: any) => void; initial: { opacity: number; y: number; }; animate: { opacity: number; y: number; }; transition: { delay: number; duration: number; ease: [...]; }; className: string; }' is not assignable to type 'IntrinsicAttributes & HTMLAttributesWithoutMotionProps<unknown, unknown> & MotionProps & RefAttributes<unknown>'.
  Property 'href' does not exist on type 'IntrinsicAttributes & HTMLAttributesWithoutMotionProps<unknown, unknown> & MotionProps & RefAttributes<unknown>'. Did you mean 'ref'?
components/Navbar.tsx(155,17): error TS2322: Type '{ children: string; onClick: () => void; initial: { opacity: number; y: number; }; animate: { opacity: number; y: number; }; transition: { delay: number; duration: number; }; className: string; }' is not assignable to type 'IntrinsicAttributes & HTMLAttributesWithoutMotionProps<unknown, unknown> & MotionProps & RefAttributes<unknown>'.
  Property 'onClick' does not exist on type 'IntrinsicAttributes & HTMLAttributesWithoutMotionProps<unknown, unknown> & MotionProps & RefAttributes<unknown>'.
components/Prizes.tsx(44,13): error TS2322: Type '{ children: Element[]; initial: { opacity: number; y: number; }; whileInView: { opacity: number; y: number; }; viewport: { once: true; }; transition: { duration: number; ease: [0.22, 1, 0.36, 1]; }; className: string; }' is not assignable to type 'IntrinsicAttributes & HTMLAttributesWithoutMotionProps<unknown, unknown> & MotionProps & RefAttributes<unknown>'.
  Property 'className' does not exist on type 'IntrinsicAttributes & HTMLAttributesWithoutMotionProps<unknown, unknown> & MotionProps & RefAttributes<unknown>'.
components/Prizes.tsx(58,13): error TS2322: Type '{ children: string; initial: { opacity: number; }; whileInView: { opacity: number; }; viewport: { once: true; }; transition: { delay: number; duration: number; }; className: string; }' is not assignable to type 'IntrinsicAttributes & HTMLAttributesWithoutMotionProps<unknown, unknown> & MotionProps & RefAttributes<unknown>'.
  Property 'className' does not exist on type 'IntrinsicAttributes & HTMLAttributesWithoutMotionProps<unknown, unknown> & MotionProps & RefAttributes<unknown>'.
components/Prizes.tsx(69,11): error TS2322: Type '{ children: Element[]; variants: { hidden: { opacity: number; }; show: { opacity: number; transition: { staggerChildren: number; }; }; }; initial: string; whileInView: string; viewport: { once: true; }; className: string; }' is not assignable to type 'IntrinsicAttributes & HTMLAttributesWithoutMotionProps<unknown, unknown> & MotionProps & RefAttributes<unknown>'.
  Property 'className' does not exist on type 'IntrinsicAttributes & HTMLAttributesWithoutMotionProps<unknown, unknown> & MotionProps & RefAttributes<unknown>'.
components/Prizes.tsx(87,17): error TS2322: Type '{ children: Element; key: string; variants: { hidden: { opacity: number; y: number; scale: number; }; show: { opacity: number; y: number; scale: number; transition: { duration: number; ease: readonly [0.22, 1, 0.36, 1]; }; }; }; className: string; "data-cursor": string; }' is not assignable to type 'IntrinsicAttributes & HTMLAttributesWithoutMotionProps<unknown, unknown> & MotionProps & RefAttributes<unknown>'.
  Property 'className' does not exist on type 'IntrinsicAttributes & HTMLAttributesWithoutMotionProps<unknown, unknown> & MotionProps & RefAttributes<unknown>'.
components/ProblemStatementsModal.tsx(73,11): error TS2322: Type '{ children: Element[]; initial: { opacity: number; }; animate: { opacity: number; }; exit: { opacity: number; }; className: string; }' is not assignable to type 'IntrinsicAttributes & HTMLAttributesWithoutMotionProps<unknown, unknown> & MotionProps & RefAttributes<unknown>'.
  Property 'className' does not exist on type 'IntrinsicAttributes & HTMLAttributesWithoutMotionProps<unknown, unknown> & MotionProps & RefAttributes<unknown>'.
components/ProblemStatementsModal.tsx(80,13): error TS2322: Type '{ initial: { opacity: number; }; animate: { opacity: number; }; exit: { opacity: number; }; onClick: () => void; className: string; }' is not assignable to type 'IntrinsicAttributes & HTMLAttributesWithoutMotionProps<unknown, unknown> & MotionProps & RefAttributes<unknown>'.
  Property 'onClick' does not exist on type 'IntrinsicAttributes & HTMLAttributesWithoutMotionProps<unknown, unknown> & MotionProps & RefAttributes<unknown>'.
components/ProblemStatementsModal.tsx(90,13): error TS2322: Type '{ children: Element[]; initial: { y: number; scale: number; opacity: number; }; animate: { y: number; scale: number; opacity: number; }; exit: { y: number; scale: number; opacity: number; }; transition: { ...; }; className: string; }' is not assignable to type 'IntrinsicAttributes & HTMLAttributesWithoutMotionProps<unknown, unknown> & MotionProps & RefAttributes<unknown>'.
  Property 'className' does not exist on type 'IntrinsicAttributes & HTMLAttributesWithoutMotionProps<unknown, unknown> & MotionProps & RefAttributes<unknown>'.
components/ProblemStatementsModal.tsx(114,38): error TS2740: Type '{}' is missing the following properties from type 'HTMLDivElement': align, addEventListener, removeEventListener, accessKey, and 305 more.
components/ProblemStatementsModal.tsx(118,23): error TS2322: Type '{ children: Element[]; key: string; ref: (el: unknown) => void; initial: { opacity: number; y: number; }; animate: { opacity: number; y: number; }; transition: { delay: number; }; className: string; }' is not assignable to type 'IntrinsicAttributes & HTMLAttributesWithoutMotionProps<unknown, unknown> & MotionProps & RefAttributes<unknown>'.
  Property 'className' does not exist on type 'IntrinsicAttributes & HTMLAttributesWithoutMotionProps<unknown, unknown> & MotionProps & RefAttributes<unknown>'.
components/Register.tsx(24,9): error TS2322: Type '{ children: Element[]; initial: { opacity: number; y: number; }; animate: { opacity: number; y: number; }; exit: { opacity: number; y: number; }; transition: { duration: number; ease: [number, number, number, number]; }; className: string; }' is not assignable to type 'IntrinsicAttributes & HTMLAttributesWithoutMotionProps<unknown, unknown> & MotionProps & RefAttributes<unknown>'.
  Property 'className' does not exist on type 'IntrinsicAttributes & HTMLAttributesWithoutMotionProps<unknown, unknown> & MotionProps & RefAttributes<unknown>'.
components/Register.tsx(56,15): error TS2322: Type '{ children: string; onClick: () => void; className: string; }' is not assignable to type 'IntrinsicAttributes & ButtonProps'.
  Property 'onClick' does not exist on type 'IntrinsicAttributes & ButtonProps'.
components/Scene3D.tsx(272,7): error TS2339: Property 'points' does not exist on type 'JSX.IntrinsicElements'.
components/Scene3D.tsx(273,9): error TS2339: Property 'bufferGeometry' does not exist on type 'JSX.IntrinsicElements'.
components/Scene3D.tsx(274,11): error TS2339: Property 'bufferAttribute' does not exist on type 'JSX.IntrinsicElements'.
components/Scene3D.tsx(280,11): error TS2339: Property 'bufferAttribute' does not exist on type 'JSX.IntrinsicElements'.
components/Scene3D.tsx(286,9): error TS2339: Property 'bufferGeometry' does not exist on type 'JSX.IntrinsicElements'.
components/Scene3D.tsx(287,9): error TS2339: Property 'pointsMaterial' does not exist on type 'JSX.IntrinsicElements'.
components/Scene3D.tsx(296,7): error TS2339: Property 'points' does not exist on type 'JSX.IntrinsicElements'.
components/Scene3D.tsx(298,7): error TS2339: Property 'lineSegments' does not exist on type 'JSX.IntrinsicElements'.
components/Scene3D.tsx(299,9): error TS2339: Property 'bufferGeometry' does not exist on type 'JSX.IntrinsicElements'.
components/Scene3D.tsx(300,11): error TS2339: Property 'bufferAttribute' does not exist on type 'JSX.IntrinsicElements'.
components/Scene3D.tsx(306,11): error TS2339: Property 'bufferAttribute' does not exist on type 'JSX.IntrinsicElements'.
components/Scene3D.tsx(312,9): error TS2339: Property 'bufferGeometry' does not exist on type 'JSX.IntrinsicElements'.
components/Scene3D.tsx(313,9): error TS2339: Property 'lineBasicMaterial' does not exist on type 'JSX.IntrinsicElements'.
components/Scene3D.tsx(320,7): error TS2339: Property 'lineSegments' does not exist on type 'JSX.IntrinsicElements'.
components/Scene3D.tsx(406,5): error TS2339: Property 'group' does not exist on type 'JSX.IntrinsicElements'.
components/Scene3D.tsx(408,7): error TS2339: Property 'mesh' does not exist on type 'JSX.IntrinsicElements'.
components/Scene3D.tsx(409,9): error TS2339: Property 'icosahedronGeometry' does not exist on type 'JSX.IntrinsicElements'.
components/Scene3D.tsx(410,9): error TS2339: Property 'meshBasicMaterial' does not exist on type 'JSX.IntrinsicElements'.
components/Scene3D.tsx(416,7): error TS2339: Property 'mesh' does not exist on type 'JSX.IntrinsicElements'.
components/Scene3D.tsx(419,7): error TS2339: Property 'mesh' does not exist on type 'JSX.IntrinsicElements'.
components/Scene3D.tsx(420,9): error TS2339: Property 'sphereGeometry' does not exist on type 'JSX.IntrinsicElements'.
components/Scene3D.tsx(421,9): error TS2339: Property 'meshBasicMaterial' does not exist on type 'JSX.IntrinsicElements'.
components/Scene3D.tsx(426,7): error TS2339: Property 'mesh' does not exist on type 'JSX.IntrinsicElements'.
components/Scene3D.tsx(429,7): error TS2339: Property 'mesh' does not exist on type 'JSX.IntrinsicElements'.
components/Scene3D.tsx(430,9): error TS2339: Property 'torusGeometry' does not exist on type 'JSX.IntrinsicElements'.
components/Scene3D.tsx(431,9): error TS2339: Property 'meshBasicMaterial' does not exist on type 'JSX.IntrinsicElements'.
components/Scene3D.tsx(436,7): error TS2339: Property 'mesh' does not exist on type 'JSX.IntrinsicElements'.
components/Scene3D.tsx(439,7): error TS2339: Property 'mesh' does not exist on type 'JSX.IntrinsicElements'.
components/Scene3D.tsx(440,9): error TS2339: Property 'torusGeometry' does not exist on type 'JSX.IntrinsicElements'.
components/Scene3D.tsx(441,9): error TS2339: Property 'meshBasicMaterial' does not exist on type 'JSX.IntrinsicElements'.
components/Scene3D.tsx(446,7): error TS2339: Property 'mesh' does not exist on type 'JSX.IntrinsicElements'.
components/Scene3D.tsx(449,7): error TS2339: Property 'mesh' does not exist on type 'JSX.IntrinsicElements'.
components/Scene3D.tsx(450,9): error TS2339: Property 'torusGeometry' does not exist on type 'JSX.IntrinsicElements'.
components/Scene3D.tsx(451,9): error TS2339: Property 'meshBasicMaterial' does not exist on type 'JSX.IntrinsicElements'.
components/Scene3D.tsx(456,7): error TS2339: Property 'mesh' does not exist on type 'JSX.IntrinsicElements'.
components/Scene3D.tsx(459,7): error TS2339: Property 'mesh' does not exist on type 'JSX.IntrinsicElements'.
components/Scene3D.tsx(460,9): error TS2339: Property 'dodecahedronGeometry' does not exist on type 'JSX.IntrinsicElements'.
components/Scene3D.tsx(461,9): error TS2339: Property 'meshBasicMaterial' does not exist on type 'JSX.IntrinsicElements'.
components/Scene3D.tsx(467,7): error TS2339: Property 'mesh' does not exist on type 'JSX.IntrinsicElements'.
components/Scene3D.tsx(470,7): error TS2339: Property 'mesh' does not exist on type 'JSX.IntrinsicElements'.
components/Scene3D.tsx(471,9): error TS2339: Property 'octahedronGeometry' does not exist on type 'JSX.IntrinsicElements'.
components/Scene3D.tsx(472,9): error TS2339: Property 'meshBasicMaterial' does not exist on type 'JSX.IntrinsicElements'.
components/Scene3D.tsx(478,7): error TS2339: Property 'mesh' does not exist on type 'JSX.IntrinsicElements'.
components/Scene3D.tsx(486,11): error TS2339: Property 'mesh' does not exist on type 'JSX.IntrinsicElements'.
components/Scene3D.tsx(495,13): error TS2339: Property 'boxGeometry' does not exist on type 'JSX.IntrinsicElements'.
components/Scene3D.tsx(496,13): error TS2339: Property 'meshBasicMaterial' does not exist on type 'JSX.IntrinsicElements'.
components/Scene3D.tsx(501,11): error TS2339: Property 'mesh' does not exist on type 'JSX.IntrinsicElements'.
components/Scene3D.tsx(504,5): error TS2339: Property 'group' does not exist on type 'JSX.IntrinsicElements'.
components/Scene3D.tsx(549,5): error TS2339: Property 'mesh' does not exist on type 'JSX.IntrinsicElements'.
components/Scene3D.tsx(550,7): error TS2339: Property 'planeGeometry' does not exist on type 'JSX.IntrinsicElements'.
components/Scene3D.tsx(551,7): error TS2339: Property 'primitive' does not exist on type 'JSX.IntrinsicElements'.
components/Scene3D.tsx(552,5): error TS2339: Property 'mesh' does not exist on type 'JSX.IntrinsicElements'.
components/Scene3D.tsx(572,9): error TS2339: Property 'ambientLight' does not exist on type 'JSX.IntrinsicElements'.
components/Sponsors.tsx(4,23): error TS2307: Cannot find module './ui/Toaster' or its corresponding type declarations.
components/Sponsors.tsx(20,9): error TS2322: Type '{ children: Element[]; className: string; animate: { x: string; }; initial: { x: string; }; transition: { repeat: number; ease: "linear"; duration: number; }; }' is not assignable to type 'IntrinsicAttributes & HTMLAttributesWithoutMotionProps<unknown, unknown> & MotionProps & RefAttributes<unknown>'.
  Property 'className' does not exist on type 'IntrinsicAttributes & HTMLAttributesWithoutMotionProps<unknown, unknown> & MotionProps & RefAttributes<unknown>'.
components/Sponsors.tsx(112,9): error TS2322: Type '{ style: { y: MotionValue<number>; rotate: MotionValue<number>; }; className: string; }' is not assignable to type 'IntrinsicAttributes & HTMLAttributesWithoutMotionProps<unknown, unknown> & MotionProps & RefAttributes<unknown>'.
  Property 'className' does not exist on type 'IntrinsicAttributes & HTMLAttributesWithoutMotionProps<unknown, unknown> & MotionProps & RefAttributes<unknown>'.
components/Sponsors.tsx(116,9): error TS2322: Type '{ style: { y: MotionValue<number>; }; className: string; }' is not assignable to type 'IntrinsicAttributes & HTMLAttributesWithoutMotionProps<unknown, unknown> & MotionProps & RefAttributes<unknown>'.
  Property 'className' does not exist on type 'IntrinsicAttributes & HTMLAttributesWithoutMotionProps<unknown, unknown> & MotionProps & RefAttributes<unknown>'.
components/Sponsors.tsx(122,9): error TS2322: Type '{ children: string; style: { y: MotionValue<number>; }; className: string; }' is not assignable to type 'IntrinsicAttributes & HTMLAttributesWithoutMotionProps<unknown, unknown> & MotionProps & RefAttributes<unknown>'.
  Property 'className' does not exist on type 'IntrinsicAttributes & HTMLAttributesWithoutMotionProps<unknown, unknown> & MotionProps & RefAttributes<unknown>'.
components/Sponsors.tsx(143,19): error TS2322: Type '{ children: string; initial: { y: string; }; whileInView: { y: number; }; viewport: { once: true; }; transition: { duration: number; ease: [number, number, number, number]; }; className: string; }' is not assignable to type 'IntrinsicAttributes & HTMLAttributesWithoutMotionProps<unknown, unknown> & MotionProps & RefAttributes<unknown>'.
  Property 'className' does not exist on type 'IntrinsicAttributes & HTMLAttributesWithoutMotionProps<unknown, unknown> & MotionProps & RefAttributes<unknown>'.
components/Sponsors.tsx(154,19): error TS2322: Type '{ children: string; initial: { y: string; }; whileInView: { y: number; }; viewport: { once: true; }; transition: { duration: number; delay: number; ease: [number, number, number, number]; }; className: string; }' is not assignable to type 'IntrinsicAttributes & HTMLAttributesWithoutMotionProps<unknown, unknown> & MotionProps & RefAttributes<unknown>'.
  Property 'className' does not exist on type 'IntrinsicAttributes & HTMLAttributesWithoutMotionProps<unknown, unknown> & MotionProps & RefAttributes<unknown>'.
components/Sponsors.tsx(167,13): error TS2322: Type '{ children: string; initial: { opacity: number; y: number; }; whileInView: { opacity: number; y: number; }; viewport: { once: true; }; transition: { duration: number; delay: number; }; className: string; }' is not assignable to type 'IntrinsicAttributes & HTMLAttributesWithoutMotionProps<unknown, unknown> & MotionProps & RefAttributes<unknown>'.
  Property 'className' does not exist on type 'IntrinsicAttributes & HTMLAttributesWithoutMotionProps<unknown, unknown> & MotionProps & RefAttributes<unknown>'.
components/Sponsors.tsx(179,11): error TS2322: Type '{ initial: { scaleX: number; }; whileInView: { scaleX: number; }; viewport: { once: true; }; transition: { duration: number; delay: number; ease: [number, number, number, number]; }; className: string; }' is not assignable to type 'IntrinsicAttributes & HTMLAttributesWithoutMotionProps<unknown, unknown> & MotionProps & RefAttributes<unknown>'.
  Property 'className' does not exist on type 'IntrinsicAttributes & HTMLAttributesWithoutMotionProps<unknown, unknown> & MotionProps & RefAttributes<unknown>'.
components/Sponsors.tsx(202,9): error TS2322: Type '{ children: Element[]; initial: { opacity: number; y: number; }; whileInView: { opacity: number; y: number; }; viewport: { once: true; }; transition: { duration: number; delay: number; }; className: string; }' is not assignable to type 'IntrinsicAttributes & HTMLAttributesWithoutMotionProps<unknown, unknown> & MotionProps & RefAttributes<unknown>'.
  Property 'className' does not exist on type 'IntrinsicAttributes & HTMLAttributesWithoutMotionProps<unknown, unknown> & MotionProps & RefAttributes<unknown>'.
components/Sponsors.tsx(209,11): error TS2322: Type '{ children: string; "aria-label": string; onClick: () => void; icon: Element; }' is not assignable to type 'IntrinsicAttributes & ButtonProps'.
  Property 'onClick' does not exist on type 'IntrinsicAttributes & ButtonProps'.
components/Timeline.tsx(62,25): error TS2322: Type '{ children: Element[]; initial: { opacity: number; y: number; }; whileInView: { opacity: number; y: number; }; viewport: { once: true; }; transition: { duration: number; ease: [number, number, number, number]; }; className: string; }' is not assignable to type 'IntrinsicAttributes & HTMLAttributesWithoutMotionProps<unknown, unknown> & MotionProps & RefAttributes<unknown>'.
  Property 'className' does not exist on type 'IntrinsicAttributes & HTMLAttributesWithoutMotionProps<unknown, unknown> & MotionProps & RefAttributes<unknown>'.
components/Timeline.tsx(80,29): error TS2322: Type '{ className: string; style: { width: MotionValue<string>; }; }' is not assignable to type 'IntrinsicAttributes & HTMLAttributesWithoutMotionProps<unknown, unknown> & MotionProps & RefAttributes<unknown>'.
  Property 'className' does not exist on type 'IntrinsicAttributes & HTMLAttributesWithoutMotionProps<unknown, unknown> & MotionProps & RefAttributes<unknown>'.
components/Timeline.tsx(95,17): error TS2322: Type '{ children: (Element | Element[])[]; className: string; style: { x: MotionValue<string>; }; }' is not assignable to type 'IntrinsicAttributes & HTMLAttributesWithoutMotionProps<unknown, unknown> & MotionProps & RefAttributes<unknown>'.
  Property 'className' does not exist on type 'IntrinsicAttributes & HTMLAttributesWithoutMotionProps<unknown, unknown> & MotionProps & RefAttributes<unknown>'.
components/Timeline.tsx(119,33): error TS2322: Type '{ children: Element[]; initial: { opacity: number; y: number; }; whileInView: { opacity: number; y: number; }; viewport: { once: true; margin: string; }; transition: { duration: number; delay: number; }; whileHover: { ...; }; "data-cursor": string; className: string; }' is not assignable to type 'IntrinsicAttributes & HTMLAttributesWithoutMotionProps<unknown, unknown> & MotionProps & RefAttributes<unknown>'.
  Property 'className' does not exist on type 'IntrinsicAttributes & HTMLAttributesWithoutMotionProps<unknown, unknown> & MotionProps & RefAttributes<unknown>'.
components/Timeline.tsx(175,21): error TS2322: Type '{ children: Element[]; className: string; initial: { opacity: number; }; whileInView: { opacity: number; }; viewport: { once: true; }; }' is not assignable to type 'IntrinsicAttributes & HTMLAttributesWithoutMotionProps<unknown, unknown> & MotionProps & RefAttributes<unknown>'.
  Property 'className' does not exist on type 'IntrinsicAttributes & HTMLAttributesWithoutMotionProps<unknown, unknown> & MotionProps & RefAttributes<unknown>'.
components/Timeline.tsx(190,17): error TS2322: Type '{ children: Element[]; className: string; initial: { opacity: number; }; animate: { opacity: number; }; transition: { delay: number; }; }' is not assignable to type 'IntrinsicAttributes & HTMLAttributesWithoutMotionProps<unknown, unknown> & MotionProps & RefAttributes<unknown>'.
  Property 'className' does not exist on type 'IntrinsicAttributes & HTMLAttributesWithoutMotionProps<unknown, unknown> & MotionProps & RefAttributes<unknown>'.
components/Timeline.tsx(197,21): error TS2322: Type '{ children: Element; className: string; animate: { opacity: [number, number, number]; }; transition: { duration: number; repeat: number; }; }' is not assignable to type 'IntrinsicAttributes & HTMLAttributesWithoutMotionProps<unknown, unknown> & MotionProps & RefAttributes<unknown>'.
  Property 'className' does not exist on type 'IntrinsicAttributes & HTMLAttributesWithoutMotionProps<unknown, unknown> & MotionProps & RefAttributes<unknown>'.
components/Timeline.tsx(202,25): error TS2322: Type '{ className: string; animate: { y: [number, number, number]; }; transition: { duration: number; repeat: number; ease: "easeInOut"; }; }' is not assignable to type 'IntrinsicAttributes & HTMLAttributesWithoutMotionProps<unknown, unknown> & MotionProps & RefAttributes<unknown>'.
  Property 'className' does not exist on type 'IntrinsicAttributes & HTMLAttributesWithoutMotionProps<unknown, unknown> & MotionProps & RefAttributes<unknown>'.
components/Tracks.tsx(42,13): error TS2322: Type '{ children: (string | Element)[]; initial: { opacity: number; x: number; }; whileInView: { opacity: number; x: number; }; viewport: { once: true; }; transition: { delay: number; duration: number; }; className: string; }' is not assignable to type 'IntrinsicAttributes & HTMLAttributesWithoutMotionProps<unknown, unknown> & MotionProps & RefAttributes<unknown>'.
  Property 'className' does not exist on type 'IntrinsicAttributes & HTMLAttributesWithoutMotionProps<unknown, unknown> & MotionProps & RefAttributes<unknown>'.
components/Tracks.tsx(58,15): error TS2322: Type '{ children: Element; key: string; initial: { opacity: number; y: number; }; whileInView: { opacity: number; y: number; }; viewport: { once: true; }; transition: { delay: number; duration: number; ease: [...]; }; className: string; onClick: () => void; }' is not assignable to type 'IntrinsicAttributes & HTMLAttributesWithoutMotionProps<unknown, unknown> & MotionProps & RefAttributes<unknown>'.
  Property 'className' does not exist on type 'IntrinsicAttributes & HTMLAttributesWithoutMotionProps<unknown, unknown> & MotionProps & RefAttributes<unknown>'.
components/Tracks.tsx(93,22): error TS2322: Type '{ children: string; whileHover: { x: number; }; className: string; }' is not assignable to type 'IntrinsicAttributes & HTMLAttributesWithoutMotionProps<unknown, unknown> & MotionProps & RefAttributes<unknown>'.
  Property 'className' does not exist on type 'IntrinsicAttributes & HTMLAttributesWithoutMotionProps<unknown, unknown> & MotionProps & RefAttributes<unknown>'.
components/ui/Button.tsx(14,3): error TS2339: Property 'className' does not exist on type 'ButtonProps'.
components/ui/Button.tsx(31,9): error TS2322: Type '{ children: Element[]; inherit?: boolean; initial?: boolean | MakeCustomValueType<TargetProperties> | VariantLabels; ... 58 more ...; "data-cursor-text": string; }' is not assignable to type 'IntrinsicAttributes & HTMLAttributesWithoutMotionProps<unknown, unknown> & MotionProps & RefAttributes<unknown>'.
  Property 'className' does not exist on type 'IntrinsicAttributes & HTMLAttributesWithoutMotionProps<unknown, unknown> & MotionProps & RefAttributes<unknown>'.
components/ui/Counter.tsx(60,7): error TS2322: Type '{ children: string[]; ref: RefObject<HTMLSpanElement>; className: string; initial: { opacity: number; y: number; }; animate: { opacity: number; y: number; } | {}; transition: { ...; }; }' is not assignable to type 'IntrinsicAttributes & HTMLAttributesWithoutMotionProps<unknown, unknown> & MotionProps & RefAttributes<unknown>'.
  Property 'className' does not exist on type 'IntrinsicAttributes & HTMLAttributesWithoutMotionProps<unknown, unknown> & MotionProps & RefAttributes<unknown>'.
components/ui/Counter.tsx(119,7): error TS2322: Type '{ children: string[]; ref: RefObject<HTMLSpanElement>; className: string; initial: { opacity: number; scale: number; }; animate: { opacity: number; scale: number; } | {}; transition: { ...; }; }' is not assignable to type 'IntrinsicAttributes & HTMLAttributesWithoutMotionProps<unknown, unknown> & MotionProps & RefAttributes<unknown>'.
  Property 'className' does not exist on type 'IntrinsicAttributes & HTMLAttributesWithoutMotionProps<unknown, unknown> & MotionProps & RefAttributes<unknown>'.
components/ui/Counter.tsx(159,15): error TS2322: Type '{ children: string; key: number; initial: { opacity: number; }; animate: { opacity: number; } | {}; transition: { delay: number; }; className: string; }' is not assignable to type 'IntrinsicAttributes & HTMLAttributesWithoutMotionProps<unknown, unknown> & MotionProps & RefAttributes<unknown>'.
  Property 'className' does not exist on type 'IntrinsicAttributes & HTMLAttributesWithoutMotionProps<unknown, unknown> & MotionProps & RefAttributes<unknown>'.
components/ui/Counter.tsx(169,13): error TS2322: Type '{ children: Element; key: number; className: string; initial: { width: number; }; animate: { width: string; } | {}; transition: { delay: number; duration: number; }; }' is not assignable to type 'IntrinsicAttributes & HTMLAttributesWithoutMotionProps<unknown, unknown> & MotionProps & RefAttributes<unknown>'.
  Property 'className' does not exist on type 'IntrinsicAttributes & HTMLAttributesWithoutMotionProps<unknown, unknown> & MotionProps & RefAttributes<unknown>'.
components/ui/Counter.tsx(175,15): error TS2322: Type '{ children: Element[]; className: string; initial: { y: string; }; animate: { y: string; } | {}; transition: { delay: number; duration: number; ease: [number, number, number, number]; }; }' is not assignable to type 'IntrinsicAttributes & HTMLAttributesWithoutMotionProps<unknown, unknown> & MotionProps & RefAttributes<unknown>'.
  Property 'className' does not exist on type 'IntrinsicAttributes & HTMLAttributesWithoutMotionProps<unknown, unknown> & MotionProps & RefAttributes<unknown>'.
components/ui/Cursor.tsx(18,20): error TS2554: Expected 1 arguments, but got 0.
components/ui/Cursor.tsx(101,17): error TS2322: Type '{ style: { left: MotionValue<number>; top: MotionValue<number>; x: string; y: string; }; animate: { scale: number; opacity: number; }; transition: { type: "spring"; stiffness: number; damping: number; }; className: string; }' is not assignable to type 'IntrinsicAttributes & HTMLAttributesWithoutMotionProps<unknown, unknown> & MotionProps & RefAttributes<unknown>'.
  Property 'className' does not exist on type 'IntrinsicAttributes & HTMLAttributesWithoutMotionProps<unknown, unknown> & MotionProps & RefAttributes<unknown>'.
components/ui/Cursor.tsx(122,17): error TS2322: Type '{ children: Element; style: { left: MotionValue<any>; top: MotionValue<any>; x: string; y: string; }; animate: { width: number; height: number; opacity: number; }; transition: { ...; }; className: string; }' is not assignable to type 'IntrinsicAttributes & HTMLAttributesWithoutMotionProps<unknown, unknown> & MotionProps & RefAttributes<unknown>'.
  Property 'className' does not exist on type 'IntrinsicAttributes & HTMLAttributesWithoutMotionProps<unknown, unknown> & MotionProps & RefAttributes<unknown>'.
components/ui/Cursor.tsx(131,21): error TS2322: Type '{ children: string; initial: { opacity: number; scale: number; }; animate: { opacity: number; scale: number; }; className: string; }' is not assignable to type 'IntrinsicAttributes & HTMLAttributesWithoutMotionProps<unknown, unknown> & MotionProps & RefAttributes<unknown>'.
  Property 'className' does not exist on type 'IntrinsicAttributes & HTMLAttributesWithoutMotionProps<unknown, unknown> & MotionProps & RefAttributes<unknown>'.
components/ui/KineticText.tsx(22,11): error TS2322: Type '{ children: string; key: number; className: string; whileHover: { scale: number; y: number; fontWeight: number; }; transition: { type: "spring"; stiffness: number; damping: number; }; }' is not assignable to type 'IntrinsicAttributes & HTMLAttributesWithoutMotionProps<unknown, unknown> & MotionProps & RefAttributes<unknown>'.
  Property 'className' does not exist on type 'IntrinsicAttributes & HTMLAttributesWithoutMotionProps<unknown, unknown> & MotionProps & RefAttributes<unknown>'.
components/ui/Magnetic.tsx(33,9): error TS2322: Type '{ children: ReactNode; className: string; ref: RefObject<HTMLDivElement>; onMouseMove: (e: MouseEvent<Element, MouseEvent>) => void; onMouseLeave: () => void; animate: { ...; }; transition: { ...; }; }' is not assignable to type 'IntrinsicAttributes & HTMLAttributesWithoutMotionProps<unknown, unknown> & MotionProps & RefAttributes<unknown>'.
  Property 'className' does not exist on type 'IntrinsicAttributes & HTMLAttributesWithoutMotionProps<unknown, unknown> & MotionProps & RefAttributes<unknown>'.
components/ui/Marquee.tsx(16,9): error TS2322: Type '{ children: Element[]; className: string; animate: { x: string; }; transition: { repeat: number; ease: "linear"; duration: number; }; }' is not assignable to type 'IntrinsicAttributes & HTMLAttributesWithoutMotionProps<unknown, unknown> & MotionProps & RefAttributes<unknown>'.
  Property 'className' does not exist on type 'IntrinsicAttributes & HTMLAttributesWithoutMotionProps<unknown, unknown> & MotionProps & RefAttributes<unknown>'.
components/ui/ScrollProgress.tsx(16,9): error TS2322: Type '{ className: string; style: { scaleY: MotionValue<any>; height: string; }; }' is not assignable to type 'IntrinsicAttributes & HTMLAttributesWithoutMotionProps<unknown, unknown> & MotionProps & RefAttributes<unknown>'.
  Property 'className' does not exist on type 'IntrinsicAttributes & HTMLAttributesWithoutMotionProps<unknown, unknown> & MotionProps & RefAttributes<unknown>'.
components/ui/StaggeredText.tsx(72,7): error TS2322: Type '{ children: Element[]; className: string; variants: { hidden: { opacity: number; }; visible: (i?: number) => { opacity: number; transition: { staggerChildren: number; delayChildren: number; }; }; }; initial: string; animate: string; style: { ...; }; }' is not assignable to type 'IntrinsicAttributes & HTMLAttributesWithoutMotionProps<unknown, unknown> & MotionProps & RefAttributes<unknown>'.
  Property 'className' does not exist on type 'IntrinsicAttributes & HTMLAttributesWithoutMotionProps<unknown, unknown> & MotionProps & RefAttributes<unknown>'.
components/ui/StaggeredText.tsx(84,13): error TS2322: Type '{ children: Element[]; key: number; className: string; variants: { hidden: { opacity: number; y: number; rotateX: number; }; visible: { opacity: number; y: number; rotateX: number; transition: { type: string; damping: number; stiffness: number; }; }; }; style: { ...; }; }' is not assignable to type 'IntrinsicAttributes & HTMLAttributesWithoutMotionProps<unknown, unknown> & MotionProps & RefAttributes<unknown>'.
  Property 'className' does not exist on type 'IntrinsicAttributes & HTMLAttributesWithoutMotionProps<unknown, unknown> & MotionProps & RefAttributes<unknown>'.
components/ui/StaggeredText.tsx(91,17): error TS2322: Type '{ children: string; key: number; className: string; variants: { hidden: { opacity: number; y: number; rotateX: number; }; visible: { opacity: number; y: number; rotateX: number; transition: { type: string; damping: number; stiffness: number; }; }; }; style: { ...; }; }' is not assignable to type 'IntrinsicAttributes & HTMLAttributesWithoutMotionProps<unknown, unknown> & MotionProps & RefAttributes<unknown>'.
  Property 'className' does not exist on type 'IntrinsicAttributes & HTMLAttributesWithoutMotionProps<unknown, unknown> & MotionProps & RefAttributes<unknown>'.
components/ui/TextScramble.tsx(100,7): error TS2322: Type '{ children: Element[]; ref: RefObject<HTMLSpanElement>; className: string; onMouseEnter: () => void; initial: { opacity: number; }; animate: { opacity: number; }; transition: { ...; }; }' is not assignable to type 'IntrinsicAttributes & HTMLAttributesWithoutMotionProps<unknown, unknown> & MotionProps & RefAttributes<unknown>'.
  Property 'className' does not exist on type 'IntrinsicAttributes & HTMLAttributesWithoutMotionProps<unknown, unknown> & MotionProps & RefAttributes<unknown>'.
components/ui/Typewriter.tsx(60,11): error TS2322: Type '{ animate: { opacity: number; }; transition: { duration: number; }; className: string; }' is not assignable to type 'IntrinsicAttributes & HTMLAttributesWithoutMotionProps<unknown, unknown> & MotionProps & RefAttributes<unknown>'.
  Property 'className' does not exist on type 'IntrinsicAttributes & HTMLAttributesWithoutMotionProps<unknown, unknown> & MotionProps & RefAttributes<unknown>'.
constants.ts(88,60): error TS2339: Property 'glob' does not exist on type 'ImportMeta'.
